
Merging object attributes


Discarded input sections

 .group         0x00000000        0xc /tmp/ccdiAaVV.o
 .group         0x00000000        0xc /tmp/ccdiAaVV.o
 .group         0x00000000        0xc /tmp/ccdiAaVV.o
 .group         0x00000000        0xc /tmp/ccdiAaVV.o
 .group         0x00000000        0xc /tmp/ccdiAaVV.o
 .group         0x00000000        0xc /tmp/ccdiAaVV.o
 .group         0x00000000        0xc /tmp/ccdiAaVV.o
 .group         0x00000000        0xc /tmp/ccdiAaVV.o
 .text          0x00000000        0x0 /tmp/ccdiAaVV.o
 .data          0x00000000        0x0 /tmp/ccdiAaVV.o
 .bss           0x00000000        0x0 /tmp/ccdiAaVV.o
 .group         0x00000000        0xc /tmp/ccBTVj2r.o
 .group         0x00000000        0xc /tmp/ccBTVj2r.o
 .group         0x00000000        0xc /tmp/ccBTVj2r.o
 .group         0x00000000        0xc /tmp/ccBTVj2r.o
 .group         0x00000000        0xc /tmp/ccBTVj2r.o
 .group         0x00000000        0xc /tmp/ccBTVj2r.o
 .group         0x00000000        0xc /tmp/ccBTVj2r.o
 .group         0x00000000        0xc /tmp/ccBTVj2r.o
 .text          0x00000000        0x0 /tmp/ccBTVj2r.o
 .data          0x00000000        0x0 /tmp/ccBTVj2r.o
 .bss           0x00000000        0x0 /tmp/ccBTVj2r.o
 .debug_macro   0x00000000      0xae4 /tmp/ccBTVj2r.o
 .debug_macro   0x00000000       0x22 /tmp/ccBTVj2r.o
 .debug_macro   0x00000000       0x8e /tmp/ccBTVj2r.o
 .debug_macro   0x00000000       0x51 /tmp/ccBTVj2r.o
 .debug_macro   0x00000000      0x103 /tmp/ccBTVj2r.o
 .debug_macro   0x00000000       0x6a /tmp/ccBTVj2r.o
 .debug_macro   0x00000000      0x1df /tmp/ccBTVj2r.o
 .debug_macro   0x00000000       0x28 /tmp/ccBTVj2r.o
 .group         0x00000000        0xc /tmp/ccpwZ2je.o
 .group         0x00000000        0xc /tmp/ccpwZ2je.o
 .group         0x00000000        0xc /tmp/ccpwZ2je.o
 .group         0x00000000        0xc /tmp/ccpwZ2je.o
 .group         0x00000000        0xc /tmp/ccpwZ2je.o
 .group         0x00000000        0xc /tmp/ccpwZ2je.o
 .group         0x00000000        0xc /tmp/ccpwZ2je.o
 .text          0x00000000        0x0 /tmp/ccpwZ2je.o
 .data          0x00000000        0x0 /tmp/ccpwZ2je.o
 .bss           0x00000000        0x0 /tmp/ccpwZ2je.o
 .debug_macro   0x00000000      0xae4 /tmp/ccpwZ2je.o
 .debug_macro   0x00000000       0x22 /tmp/ccpwZ2je.o
 .debug_macro   0x00000000       0x8e /tmp/ccpwZ2je.o
 .debug_macro   0x00000000       0x51 /tmp/ccpwZ2je.o
 .debug_macro   0x00000000      0x103 /tmp/ccpwZ2je.o
 .debug_macro   0x00000000       0x6a /tmp/ccpwZ2je.o
 .debug_macro   0x00000000      0x1df /tmp/ccpwZ2je.o

Memory Configuration

Name             Origin             Length             Attributes
flash            0x08000000         0x00020000         xr
sram             0x20000000         0x00005000         xrw
*default*        0x00000000         0xffffffff

Linker script and memory map

LOAD /tmp/ccdiAaVV.o
LOAD /tmp/ccBTVj2r.o
LOAD /tmp/ccpwZ2je.o
START GROUP
LOAD /usr/lib/gcc/arm-none-eabi/16.1.0/thumb/v7-m/nofp/libgcc.a
LOAD /usr/lib/gcc/arm-none-eabi/16.1.0/../../../../arm-none-eabi/lib/thumb/v7-m/nofp/libg.a
LOAD /usr/lib/gcc/arm-none-eabi/16.1.0/../../../../arm-none-eabi/lib/thumb/v7-m/nofp/libc.a
END GROUP
START GROUP
LOAD /usr/lib/gcc/arm-none-eabi/16.1.0/thumb/v7-m/nofp/libgcc.a
LOAD /usr/lib/gcc/arm-none-eabi/16.1.0/../../../../arm-none-eabi/lib/thumb/v7-m/nofp/libc.a
LOAD /usr/lib/gcc/arm-none-eabi/16.1.0/../../../../arm-none-eabi/lib/thumb/v7-m/nofp/libnosys.a
END GROUP
                0x20005000                        _estack = (ORIGIN (sram) + LENGTH (sram))

.vectors        0x08000000       0xec
 *(.vectors)
 .vectors       0x08000000       0xec /tmp/ccdiAaVV.o
                0x08000000                tab

.text           0x080000ec      0x1c4
 *(.text*)
 .text.write_to_lcd
                0x080000ec       0x16 /tmp/ccdiAaVV.o
                0x080000ec                write_to_lcd
 *fill*         0x08000102        0x2 
 .text.startup.main
                0x08000104       0x84 /tmp/ccdiAaVV.o
                0x08000104                main
 .text._reset   0x08000188       0x40 /tmp/ccdiAaVV.o
                0x08000188                _reset
 .text.lcd_pulse
                0x080001c8       0x38 /tmp/ccBTVj2r.o
                0x080001c8                lcd_pulse
 .text.lcd_send
                0x08000200       0x1e /tmp/ccBTVj2r.o
                0x08000200                lcd_send
 *fill*         0x0800021e        0x2 
 .text.lcd_init
                0x08000220       0x7c /tmp/ccBTVj2r.o
                0x08000220                lcd_init
 .text.delay    0x0800029c       0x14 /tmp/ccpwZ2je.o
                0x0800029c                delay

.glue_7         0x080002b0        0x0
 .glue_7        0x080002b0        0x0 linker stubs

.glue_7t        0x080002b0        0x0
 .glue_7t       0x080002b0        0x0 linker stubs

.vfp11_veneer   0x080002b0        0x0
 .vfp11_veneer  0x080002b0        0x0 linker stubs

.v4_bx          0x080002b0        0x0
 .v4_bx         0x080002b0        0x0 linker stubs

.iplt           0x080002b0        0x0
 .iplt          0x080002b0        0x0 /tmp/ccdiAaVV.o

.rodata         0x080002b0        0x8
 *(.rodata*)
 .rodata.main.str1.1
                0x080002b0        0x8 /tmp/ccdiAaVV.o

.rel.dyn        0x080002b8        0x0
 .rel.iplt      0x080002b8        0x0 /tmp/ccdiAaVV.o

.data           0x20000000        0x0 load address 0x080002b8
                0x20000000                        _sdata = .
 *(.first_data)
 *(.data SORT_BY_NAME(.data.*))
                0x20000000                        _edata = .
                0x080002b8                        _sidata = LOADADDR (.data)

.igot.plt       0x20000000        0x0 load address 0x080002b8
 .igot.plt      0x20000000        0x0 /tmp/ccdiAaVV.o

.bss            0x20000000        0x0 load address 0x080002b8
                0x20000000                        _sbss = .
 *(.bss SORT_BY_NAME(.bss.*) COMMON)
                0x20000000                        _ebss = .
                0x20000000                        . = ALIGN (0x8)
                0x20000000                        _end = .
OUTPUT(firmware.elf elf32-littlearm)
LOAD linker stubs

.debug_info     0x00000000      0x755
 .debug_info    0x00000000      0x3fe /tmp/ccdiAaVV.o
 .debug_info    0x000003fe      0x2a3 /tmp/ccBTVj2r.o
 .debug_info    0x000006a1       0xb4 /tmp/ccpwZ2je.o

.debug_abbrev   0x00000000      0x37e
 .debug_abbrev  0x00000000      0x1c9 /tmp/ccdiAaVV.o
 .debug_abbrev  0x000001c9      0x143 /tmp/ccBTVj2r.o
 .debug_abbrev  0x0000030c       0x72 /tmp/ccpwZ2je.o

.debug_loclists
                0x00000000      0x190
 .debug_loclists
                0x00000000       0xb9 /tmp/ccdiAaVV.o
 .debug_loclists
                0x000000b9       0xd7 /tmp/ccBTVj2r.o

.debug_aranges  0x00000000       0x80
 .debug_aranges
                0x00000000       0x30 /tmp/ccdiAaVV.o
 .debug_aranges
                0x00000030       0x30 /tmp/ccBTVj2r.o
 .debug_aranges
                0x00000060       0x20 /tmp/ccpwZ2je.o

.debug_rnglists
                0x00000000       0x76
 .debug_rnglists
                0x00000000       0x44 /tmp/ccdiAaVV.o
 .debug_rnglists
                0x00000044       0x1f /tmp/ccBTVj2r.o
 .debug_rnglists
                0x00000063       0x13 /tmp/ccpwZ2je.o

.debug_macro    0x00000000     0x10b2
 .debug_macro   0x00000000       0x80 /tmp/ccdiAaVV.o
 .debug_macro   0x00000080      0xae4 /tmp/ccdiAaVV.o
 .debug_macro   0x00000b64       0x22 /tmp/ccdiAaVV.o
 .debug_macro   0x00000b86       0x8e /tmp/ccdiAaVV.o
 .debug_macro   0x00000c14       0x51 /tmp/ccdiAaVV.o
 .debug_macro   0x00000c65      0x103 /tmp/ccdiAaVV.o
 .debug_macro   0x00000d68       0x6a /tmp/ccdiAaVV.o
 .debug_macro   0x00000dd2      0x1df /tmp/ccdiAaVV.o
 .debug_macro   0x00000fb1       0x28 /tmp/ccdiAaVV.o
 .debug_macro   0x00000fd9       0x76 /tmp/ccBTVj2r.o
 .debug_macro   0x0000104f       0x63 /tmp/ccpwZ2je.o

.debug_line     0x00000000      0x68a
 .debug_line    0x00000000      0x286 /tmp/ccdiAaVV.o
 .debug_line    0x00000286      0x2ae /tmp/ccBTVj2r.o
 .debug_line    0x00000534      0x156 /tmp/ccpwZ2je.o

.debug_str      0x00000000     0x3dc8
 .debug_str     0x00000000     0x3dc8 /tmp/ccdiAaVV.o
                               0x3ef4 (size before relaxing)
 .debug_str     0x00003dc8        0x0 /tmp/ccBTVj2r.o
                               0x3e77 (size before relaxing)
 .debug_str     0x00003dc8        0x0 /tmp/ccpwZ2je.o
                               0x3d9f (size before relaxing)

.comment        0x00000000       0x1e
 .comment       0x00000000       0x1e /tmp/ccdiAaVV.o
                                 0x1f (size before relaxing)
 .comment       0x0000001e        0x0 /tmp/ccBTVj2r.o
                                 0x1f (size before relaxing)
 .comment       0x0000001e        0x0 /tmp/ccpwZ2je.o
                                 0x1f (size before relaxing)

.ARM.attributes
                0x00000000       0x2d
 .ARM.attributes
                0x00000000       0x2d /tmp/ccdiAaVV.o
 .ARM.attributes
                0x0000002d       0x2d /tmp/ccBTVj2r.o
 .ARM.attributes
                0x0000005a       0x2d /tmp/ccpwZ2je.o

.debug_frame    0x00000000       0xf4
 .debug_frame   0x00000000       0x54 /tmp/ccdiAaVV.o
 .debug_frame   0x00000054       0x74 /tmp/ccBTVj2r.o
 .debug_frame   0x000000c8       0x2c /tmp/ccpwZ2je.o
