
Merging object attributes


Discarded input sections

 .group         0x00000000        0xc /tmp/ccLYdHJd.o
 .group         0x00000000        0xc /tmp/ccLYdHJd.o
 .group         0x00000000        0xc /tmp/ccLYdHJd.o
 .group         0x00000000        0xc /tmp/ccLYdHJd.o
 .group         0x00000000        0xc /tmp/ccLYdHJd.o
 .group         0x00000000        0xc /tmp/ccLYdHJd.o
 .group         0x00000000        0xc /tmp/ccLYdHJd.o
 .group         0x00000000        0xc /tmp/ccLYdHJd.o
 .text          0x00000000        0x0 /tmp/ccLYdHJd.o
 .data          0x00000000        0x0 /tmp/ccLYdHJd.o
 .bss           0x00000000        0x0 /tmp/ccLYdHJd.o
 .group         0x00000000        0xc /tmp/ccM3XmTh.o
 .group         0x00000000        0xc /tmp/ccM3XmTh.o
 .group         0x00000000        0xc /tmp/ccM3XmTh.o
 .group         0x00000000        0xc /tmp/ccM3XmTh.o
 .group         0x00000000        0xc /tmp/ccM3XmTh.o
 .group         0x00000000        0xc /tmp/ccM3XmTh.o
 .group         0x00000000        0xc /tmp/ccM3XmTh.o
 .group         0x00000000        0xc /tmp/ccM3XmTh.o
 .text          0x00000000        0x0 /tmp/ccM3XmTh.o
 .data          0x00000000        0x0 /tmp/ccM3XmTh.o
 .bss           0x00000000        0x0 /tmp/ccM3XmTh.o
 .debug_macro   0x00000000      0xae4 /tmp/ccM3XmTh.o
 .debug_macro   0x00000000       0x22 /tmp/ccM3XmTh.o
 .debug_macro   0x00000000       0x8e /tmp/ccM3XmTh.o
 .debug_macro   0x00000000       0x51 /tmp/ccM3XmTh.o
 .debug_macro   0x00000000      0x103 /tmp/ccM3XmTh.o
 .debug_macro   0x00000000       0x6a /tmp/ccM3XmTh.o
 .debug_macro   0x00000000      0x1df /tmp/ccM3XmTh.o
 .debug_macro   0x00000000       0x28 /tmp/ccM3XmTh.o
 .group         0x00000000        0xc /tmp/cc4wkHoZ.o
 .group         0x00000000        0xc /tmp/cc4wkHoZ.o
 .group         0x00000000        0xc /tmp/cc4wkHoZ.o
 .group         0x00000000        0xc /tmp/cc4wkHoZ.o
 .group         0x00000000        0xc /tmp/cc4wkHoZ.o
 .group         0x00000000        0xc /tmp/cc4wkHoZ.o
 .group         0x00000000        0xc /tmp/cc4wkHoZ.o
 .text          0x00000000        0x0 /tmp/cc4wkHoZ.o
 .data          0x00000000        0x0 /tmp/cc4wkHoZ.o
 .bss           0x00000000        0x0 /tmp/cc4wkHoZ.o
 .debug_macro   0x00000000      0xae4 /tmp/cc4wkHoZ.o
 .debug_macro   0x00000000       0x22 /tmp/cc4wkHoZ.o
 .debug_macro   0x00000000       0x8e /tmp/cc4wkHoZ.o
 .debug_macro   0x00000000       0x51 /tmp/cc4wkHoZ.o
 .debug_macro   0x00000000      0x103 /tmp/cc4wkHoZ.o
 .debug_macro   0x00000000       0x6a /tmp/cc4wkHoZ.o
 .debug_macro   0x00000000      0x1df /tmp/cc4wkHoZ.o

Memory Configuration

Name             Origin             Length             Attributes
flash            0x08000000         0x00020000         xr
sram             0x20000000         0x00005000         xrw
*default*        0x00000000         0xffffffff

Linker script and memory map

LOAD /tmp/ccLYdHJd.o
LOAD /tmp/ccM3XmTh.o
LOAD /tmp/cc4wkHoZ.o
START GROUP
LOAD /usr/lib/gcc/arm-none-eabi/16.1.0/thumb/v7-m/nofp/libgcc.a
LOAD /usr/lib/gcc/arm-none-eabi/16.1.0/../../../../arm-none-eabi/lib/thumb/v7-m/nofp/libg.a
LOAD /usr/lib/gcc/arm-none-eabi/16.1.0/../../../../arm-none-eabi/lib/thumb/v7-m/nofp/libc.a
END GROUP
START GROUP
LOAD /usr/lib/gcc/arm-none-eabi/16.1.0/thumb/v7-m/nofp/libgcc.a
LOAD /usr/lib/gcc/arm-none-eabi/16.1.0/../../../../arm-none-eabi/lib/thumb/v7-m/nofp/libc.a
LOAD /usr/lib/gcc/arm-none-eabi/16.1.0/../../../../arm-none-eabi/lib/thumb/v7-m/nofp/libnosys.a
END GROUP
                0x20005000                        _estack = (ORIGIN (sram) + LENGTH (sram))

.vectors        0x08000000       0xec
 *(.vectors)
 .vectors       0x08000000       0xec /tmp/ccLYdHJd.o
                0x08000000                tab

.text           0x080000ec      0x1c4
 *(.text*)
 .text.pin_setup
                0x080000ec       0x3c /tmp/ccLYdHJd.o
                0x080000ec                pin_setup
 .text.startup.main
                0x08000128       0x1c /tmp/ccLYdHJd.o
                0x08000128                main
 .text._reset   0x08000144       0x40 /tmp/ccLYdHJd.o
                0x08000144                _reset
 .text.lcd_pulse
                0x08000184       0x38 /tmp/ccM3XmTh.o
                0x08000184                lcd_pulse
 .text.lcd_send
                0x080001bc       0x1e /tmp/ccM3XmTh.o
                0x080001bc                lcd_send
 *fill*         0x080001da        0x2 
 .text.lcd_init
                0x080001dc       0x7c /tmp/ccM3XmTh.o
                0x080001dc                lcd_init
 .text.lcd_clear
                0x08000258       0x2e /tmp/ccM3XmTh.o
                0x08000258                lcd_clear
 .text.write_to_lcd
                0x08000286       0x16 /tmp/ccM3XmTh.o
                0x08000286                write_to_lcd
 .text.delay    0x0800029c       0x14 /tmp/cc4wkHoZ.o
                0x0800029c                delay

.glue_7         0x080002b0        0x0
 .glue_7        0x080002b0        0x0 linker stubs

.glue_7t        0x080002b0        0x0
 .glue_7t       0x080002b0        0x0 linker stubs

.vfp11_veneer   0x080002b0        0x0
 .vfp11_veneer  0x080002b0        0x0 linker stubs

.v4_bx          0x080002b0        0x0
 .v4_bx         0x080002b0        0x0 linker stubs

.iplt           0x080002b0        0x0
 .iplt          0x080002b0        0x0 /tmp/ccLYdHJd.o

.rodata         0x080002b0        0x5
 *(.rodata*)
 .rodata.main.str1.1
                0x080002b0        0x5 /tmp/ccLYdHJd.o

.rel.dyn        0x080002b8        0x0
 .rel.iplt      0x080002b8        0x0 /tmp/ccLYdHJd.o

.data           0x20000000        0x0 load address 0x080002b5
                0x20000000                        _sdata = .
 *(.first_data)
 *(.data SORT_BY_NAME(.data.*))
                0x20000000                        _edata = .
                0x080002b5                        _sidata = LOADADDR (.data)

.igot.plt       0x20000000        0x0 load address 0x080002b5
 .igot.plt      0x20000000        0x0 /tmp/ccLYdHJd.o

.bss            0x20000000        0x0 load address 0x080002b5
                0x20000000                        _sbss = .
 *(.bss SORT_BY_NAME(.bss.*) COMMON)
                0x20000000                        _ebss = .
                0x20000000                        . = ALIGN (0x8)
                0x20000000                        _end = .
OUTPUT(firmware.elf elf32-littlearm)
LOAD linker stubs

.debug_info     0x00000000      0x709
 .debug_info    0x00000000      0x2ca /tmp/ccLYdHJd.o
 .debug_info    0x000002ca      0x38b /tmp/ccM3XmTh.o
 .debug_info    0x00000655       0xb4 /tmp/cc4wkHoZ.o

.debug_abbrev   0x00000000      0x373
 .debug_abbrev  0x00000000      0x19e /tmp/ccLYdHJd.o
 .debug_abbrev  0x0000019e      0x163 /tmp/ccM3XmTh.o
 .debug_abbrev  0x00000301       0x72 /tmp/cc4wkHoZ.o

.debug_loclists
                0x00000000      0x190
 .debug_loclists
                0x00000000       0x71 /tmp/ccLYdHJd.o
 .debug_loclists
                0x00000071      0x11f /tmp/ccM3XmTh.o

.debug_aranges  0x00000000       0x90
 .debug_aranges
                0x00000000       0x30 /tmp/ccLYdHJd.o
 .debug_aranges
                0x00000030       0x40 /tmp/ccM3XmTh.o
 .debug_aranges
                0x00000070       0x20 /tmp/cc4wkHoZ.o

.debug_rnglists
                0x00000000       0x81
 .debug_rnglists
                0x00000000       0x37 /tmp/ccLYdHJd.o
 .debug_rnglists
                0x00000037       0x37 /tmp/ccM3XmTh.o
 .debug_rnglists
                0x0000006e       0x13 /tmp/cc4wkHoZ.o

.debug_macro    0x00000000     0x10a8
 .debug_macro   0x00000000       0x76 /tmp/ccLYdHJd.o
 .debug_macro   0x00000076      0xae4 /tmp/ccLYdHJd.o
 .debug_macro   0x00000b5a       0x22 /tmp/ccLYdHJd.o
 .debug_macro   0x00000b7c       0x8e /tmp/ccLYdHJd.o
 .debug_macro   0x00000c0a       0x51 /tmp/ccLYdHJd.o
 .debug_macro   0x00000c5b      0x103 /tmp/ccLYdHJd.o
 .debug_macro   0x00000d5e       0x6a /tmp/ccLYdHJd.o
 .debug_macro   0x00000dc8      0x1df /tmp/ccLYdHJd.o
 .debug_macro   0x00000fa7       0x28 /tmp/ccLYdHJd.o
 .debug_macro   0x00000fcf       0x76 /tmp/ccM3XmTh.o
 .debug_macro   0x00001045       0x63 /tmp/cc4wkHoZ.o

.debug_line     0x00000000      0x69a
 .debug_line    0x00000000      0x23b /tmp/ccLYdHJd.o
 .debug_line    0x0000023b      0x309 /tmp/ccM3XmTh.o
 .debug_line    0x00000544      0x156 /tmp/cc4wkHoZ.o

.debug_str      0x00000000     0x3dd6
 .debug_str     0x00000000     0x3dd6 /tmp/ccLYdHJd.o
                               0x3ec0 (size before relaxing)
 .debug_str     0x00003dd6        0x0 /tmp/ccM3XmTh.o
                               0x3e90 (size before relaxing)
 .debug_str     0x00003dd6        0x0 /tmp/cc4wkHoZ.o
                               0x3d9f (size before relaxing)

.comment        0x00000000       0x1e
 .comment       0x00000000       0x1e /tmp/ccLYdHJd.o
                                 0x1f (size before relaxing)
 .comment       0x0000001e        0x0 /tmp/ccM3XmTh.o
                                 0x1f (size before relaxing)
 .comment       0x0000001e        0x0 /tmp/cc4wkHoZ.o
                                 0x1f (size before relaxing)

.ARM.attributes
                0x00000000       0x2d
 .ARM.attributes
                0x00000000       0x2d /tmp/ccLYdHJd.o
 .ARM.attributes
                0x0000002d       0x2d /tmp/ccM3XmTh.o
 .ARM.attributes
                0x0000005a       0x2d /tmp/cc4wkHoZ.o

.debug_frame    0x00000000      0x120
 .debug_frame   0x00000000       0x48 /tmp/ccLYdHJd.o
 .debug_frame   0x00000048       0xac /tmp/ccM3XmTh.o
 .debug_frame   0x000000f4       0x2c /tmp/cc4wkHoZ.o
